// Jest Snapshot v1, https://goo.gl/fbAQLP

exports[`PrivateRoute component render correctly 1`] = `null`;
