// Jest Snapshot v1, https://goo.gl/fbAQLP

exports[`FilmPageTabs component render correctly Active Tab Details 1`] = `
<div
  className="movie-card__desc"
>
  <nav
    className="movie-nav movie-card__nav"
  >
    <ul
      className="movie-nav__list"
    >
      <li
        className="movie-nav__item movie-nav__item--active"
      >
        <a
          className="movie-nav__link"
          href="#"
          onClick={[Function]}
        >
          Overview
        </a>
      </li>
      <li
        className="movie-nav__item "
      >
        <a
          className="movie-nav__link"
          href="#"
          onClick={[Function]}
        >
          Details
        </a>
      </li>
      <li
        className="movie-nav__item "
      >
        <a
          className="movie-nav__link"
          href="#"
          onClick={[Function]}
        >
          Reviews
        </a>
      </li>
    </ul>
  </nav>
  <div
    className="movie-rating"
  >
    <div
      className="movie-rating__score"
    >
      3.8
    </div>
    <p
      className="movie-rating__meta"
    >
      <span
        className="movie-rating__level"
      >
        Normal
      </span>
      <span
        className="movie-rating__count"
      >
        123240
         ratings
      </span>
    </p>
  </div>
  <div
    className="movie-card__text"
  >
    <p>
      Kevin's mother struggles to love her strange child, despite the increasingly dangerous things he says and does as he grows up. But Kevin is just getting started, and his final act will be beyond anything anyone imagined.
    </p>
    <p
      className="movie-card__director"
    >
      <strong>
        Director: 
        Lynne Ramsay
      </strong>
    </p>
    <p
      className="movie-card__starring"
    >
      <strong>
        Starring: 
        Tilda Swinton, John C. Reilly, Ezra Miller
         and other
      </strong>
    </p>
  </div>
</div>
`;

exports[`FilmPageTabs component render correctly Active Tab Overview 1`] = `
<div
  className="movie-card__desc"
>
  <nav
    className="movie-nav movie-card__nav"
  >
    <ul
      className="movie-nav__list"
    >
      <li
        className="movie-nav__item movie-nav__item--active"
      >
        <a
          className="movie-nav__link"
          href="#"
          onClick={[Function]}
        >
          Overview
        </a>
      </li>
      <li
        className="movie-nav__item "
      >
        <a
          className="movie-nav__link"
          href="#"
          onClick={[Function]}
        >
          Details
        </a>
      </li>
      <li
        className="movie-nav__item "
      >
        <a
          className="movie-nav__link"
          href="#"
          onClick={[Function]}
        >
          Reviews
        </a>
      </li>
    </ul>
  </nav>
  <div
    className="movie-rating"
  >
    <div
      className="movie-rating__score"
    >
      3.8
    </div>
    <p
      className="movie-rating__meta"
    >
      <span
        className="movie-rating__level"
      >
        Normal
      </span>
      <span
        className="movie-rating__count"
      >
        123240
         ratings
      </span>
    </p>
  </div>
  <div
    className="movie-card__text"
  >
    <p>
      Kevin's mother struggles to love her strange child, despite the increasingly dangerous things he says and does as he grows up. But Kevin is just getting started, and his final act will be beyond anything anyone imagined.
    </p>
    <p
      className="movie-card__director"
    >
      <strong>
        Director: 
        Lynne Ramsay
      </strong>
    </p>
    <p
      className="movie-card__starring"
    >
      <strong>
        Starring: 
        Tilda Swinton, John C. Reilly, Ezra Miller
         and other
      </strong>
    </p>
  </div>
</div>
`;

exports[`FilmPageTabs component render correctly Active Tab Reviews 1`] = `
<div
  className="movie-card__desc"
>
  <nav
    className="movie-nav movie-card__nav"
  >
    <ul
      className="movie-nav__list"
    >
      <li
        className="movie-nav__item movie-nav__item--active"
      >
        <a
          className="movie-nav__link"
          href="#"
          onClick={[Function]}
        >
          Overview
        </a>
      </li>
      <li
        className="movie-nav__item "
      >
        <a
          className="movie-nav__link"
          href="#"
          onClick={[Function]}
        >
          Details
        </a>
      </li>
      <li
        className="movie-nav__item "
      >
        <a
          className="movie-nav__link"
          href="#"
          onClick={[Function]}
        >
          Reviews
        </a>
      </li>
    </ul>
  </nav>
  <div
    className="movie-rating"
  >
    <div
      className="movie-rating__score"
    >
      3.8
    </div>
    <p
      className="movie-rating__meta"
    >
      <span
        className="movie-rating__level"
      >
        Normal
      </span>
      <span
        className="movie-rating__count"
      >
        123240
         ratings
      </span>
    </p>
  </div>
  <div
    className="movie-card__text"
  >
    <p>
      Kevin's mother struggles to love her strange child, despite the increasingly dangerous things he says and does as he grows up. But Kevin is just getting started, and his final act will be beyond anything anyone imagined.
    </p>
    <p
      className="movie-card__director"
    >
      <strong>
        Director: 
        Lynne Ramsay
      </strong>
    </p>
    <p
      className="movie-card__starring"
    >
      <strong>
        Starring: 
        Tilda Swinton, John C. Reilly, Ezra Miller
         and other
      </strong>
    </p>
  </div>
</div>
`;
