// Jest Snapshot v1, https://goo.gl/fbAQLP

exports[`FilmAddReviewFormErrorBlock component render correctly 1`] = `
<div
  style={
    Object {
      "color": "red",
      "paddingTop": "10px",
      "textAlign": "center",
    }
  }
>
  Something wrong, please, try again later
</div>
`;
