// Jest Snapshot v1, https://goo.gl/fbAQLP

exports[`Render App 1`] = `
Array [
  <section
    className="movie-card"
  >
    <div
      className="movie-card__bg"
    >
      <img
        alt="Bronson"
        src="https://assets.htmlacademy.ru/intensives/javascript-3/film/background/bronson.jpg"
      />
    </div>
    <h1
      className="visually-hidden"
    >
      WTW
    </h1>
    <header
      className="page-header movie-card__head"
    >
      <div
        className="logo"
      >
        <a
          className="logo__link"
          href="/"
          onClick={[Function]}
        >
          <span
            className="logo__letter logo__letter--1"
          >
            W
          </span>
          <span
            className="logo__letter logo__letter--2"
          >
            T
          </span>
          <span
            className="logo__letter logo__letter--3"
          >
            W
          </span>
        </a>
      </div>
      <div
        className="user-block"
      >
        <div
          className="user-block__avatar"
        >
          <img
            alt="User avatar"
            height="63"
            onClick={[Function]}
            src="https://assets.htmlacademy.ru/intensives/javascript-3/avatar/3.jpg"
            width="63"
          />
        </div>
      </div>
    </header>
    <div
      className="movie-card__wrap"
    >
      <div
        className="movie-card__info"
      >
        <div
          className="movie-card__poster"
        >
          <img
            alt="Bronson"
            height="327"
            src="https://assets.htmlacademy.ru/intensives/javascript-3/film/poster/bronson.jpg"
            width="218"
          />
        </div>
        <div
          className="movie-card__desc"
        >
          <h2
            className="movie-card__title"
          >
            Bronson
          </h2>
          <p
            className="movie-card__meta"
          >
            <span
              className="movie-card__genre"
            >
              Action
            </span>
            <span
              className="movie-card__year"
            >
              2008
            </span>
          </p>
          <div
            className="movie-card__buttons"
          >
            <button
              className="btn btn--play movie-card__button"
              data-id={3}
              onClick={[Function]}
              type="button"
            >
              <svg
                height="19"
                viewBox="0 0 19 19"
                width="19"
              >
                <use
                  xlinkHref="#play-s"
                />
              </svg>
              <span>
                Play
              </span>
            </button>
            <button
              className="btn btn--list movie-card__button"
              onClick={[Function]}
              type="button"
            >
              <svg
                height="20"
                viewBox="0 0 19 20"
                width="19"
              >
                <use
                  xlinkHref="#add"
                />
              </svg>
              <span>
                My list
              </span>
            </button>
          </div>
        </div>
      </div>
    </div>
  </section>,
  <div
    className="page-content"
  >
    <section
      className="catalog"
    >
      <h2
        className="catalog__title visually-hidden"
      >
        Catalog
      </h2>
      <ul
        className="catalog__genres-list"
      >
        <li
          className="catalog__genres-item catalog__genres-item--active"
        >
          <a
            className="catalog__genres-link"
            data-genre="All genres"
            href="#"
            onClick={[Function]}
          >
            All genres
          </a>
        </li>
        <li
          className="catalog__genres-item "
        >
          <a
            className="catalog__genres-link"
            data-genre="Drama"
            href="#"
            onClick={[Function]}
          >
            Drama
          </a>
        </li>
        <li
          className="catalog__genres-item "
        >
          <a
            className="catalog__genres-link"
            data-genre="Comedy"
            href="#"
            onClick={[Function]}
          >
            Comedy
          </a>
        </li>
        <li
          className="catalog__genres-item "
        >
          <a
            className="catalog__genres-link"
            data-genre="Horror"
            href="#"
            onClick={[Function]}
          >
            Horror
          </a>
        </li>
        <li
          className="catalog__genres-item "
        >
          <a
            className="catalog__genres-link"
            data-genre="Romance"
            href="#"
            onClick={[Function]}
          >
            Romance
          </a>
        </li>
        <li
          className="catalog__genres-item "
        >
          <a
            className="catalog__genres-link"
            data-genre="Sci-Fi"
            href="#"
            onClick={[Function]}
          >
            Sci-Fi
          </a>
        </li>
      </ul>
      <div
        className="catalog__movies-list"
      >
        <article
          className="small-movie-card catalog__movies-card"
        >
          <div
            className="small-movie-card__image"
            onClick={[Function]}
            onMouseEnter={[Function]}
            onMouseLeave={[Function]}
          >
            <img
              alt="We need to talk about Kevin"
              height="175"
              src="https://assets.htmlacademy.ru/intensives/javascript-3/film/poster/We_need_to_talk_about_Kevin.jpg"
              width="280"
            />
          </div>
          <h3
            className="small-movie-card__title"
          >
            <a
              className="small-movie-card__link"
              href="/films/1"
              onClick={[Function]}
            >
              We need to talk about Kevin
            </a>
          </h3>
        </article>
        <article
          className="small-movie-card catalog__movies-card"
        >
          <div
            className="small-movie-card__image"
            onClick={[Function]}
            onMouseEnter={[Function]}
            onMouseLeave={[Function]}
          >
            <img
              alt="What We Do in the Shadows"
              height="175"
              src="https://assets.htmlacademy.ru/intensives/javascript-3/film/poster/What-We-Do-in-the-Shadows.jpg"
              width="280"
            />
          </div>
          <h3
            className="small-movie-card__title"
          >
            <a
              className="small-movie-card__link"
              href="/films/2"
              onClick={[Function]}
            >
              What We Do in the Shadows
            </a>
          </h3>
        </article>
        <article
          className="small-movie-card catalog__movies-card"
        >
          <div
            className="small-movie-card__image"
            onClick={[Function]}
            onMouseEnter={[Function]}
            onMouseLeave={[Function]}
          >
            <img
              alt="Bronson"
              height="175"
              src="https://assets.htmlacademy.ru/intensives/javascript-3/film/poster/bronson.jpg"
              width="280"
            />
          </div>
          <h3
            className="small-movie-card__title"
          >
            <a
              className="small-movie-card__link"
              href="/films/3"
              onClick={[Function]}
            >
              Bronson
            </a>
          </h3>
        </article>
      </div>
    </section>
    <footer
      className="page-footer"
    >
      <div
        className="logo"
      >
        <a
          className="logo__link logo__link--light"
          href="/"
          onClick={[Function]}
        >
          <span
            className="logo__letter logo__letter--1"
          >
            W
          </span>
          <span
            className="logo__letter logo__letter--2"
          >
            T
          </span>
          <span
            className="logo__letter logo__letter--3"
          >
            W
          </span>
        </a>
      </div>
      <div
        className="copyright"
      >
        <p>
          Â© 2019 What to watch Ltd.
        </p>
      </div>
    </footer>
  </div>,
]
`;
