// Jest Snapshot v1, https://goo.gl/fbAQLP

exports[`FilmSmallCardImage component render correctly With poster 1`] = `
<div
  className="small-movie-card__image"
  onClick={[Function]}
  onMouseEnter={[Function]}
  onMouseLeave={[Function]}
>
  <img
    alt="We need to talk about Kevin"
    height="175"
    src="https://assets.htmlacademy.ru/intensives/javascript-3/film/poster/We_need_to_talk_about_Kevin.jpg"
    width="280"
  />
</div>
`;
