// Jest Snapshot v1, https://goo.gl/fbAQLP

exports[`UserAvatarBlock component render correctly With authorized user 1`] = `
<div
  className="user-block"
>
  <div
    className="user-block__avatar"
  >
    <img
      alt="User avatar"
      height="63"
      onClick={[Function]}
      src="https://assets.htmlacademy.ru/intensives/javascript-3/avatar/3.jpg"
      width="63"
    />
  </div>
</div>
`;

exports[`UserAvatarBlock component render correctly With unauthorized user 1`] = `
<div
  className="user-block"
>
  <a
    className="user-block__link"
    href="/login"
    onClick={[Function]}
  >
    Sign in
  </a>
</div>
`;
